# vmf_atol: 1e-09 | ps2_atol: 1e-09 | ps2_ratio: 2.0 | ode_method: dopri5 | ode_atol: 1e-09 | ode_rtol: 1e-07 | vmf_reg_method: extend | vmf_reg_type: ip | cache_svd_info: True
# frame = {Node('[H]0'): [End('[H]i'), End('[H]j'), Node('[H]31')], Node('[H]31'): [Node('[H]0'), Node('[H]30'), Node('[H]29')], Node('[H]30'): [Node('[H]31'), Node('[H]26'), Node('[H]25')], Node('[H]29'): [Node('[H]31'), Node('[H]28'), Node('[H]27')], Node('[H]26'): [Node('[H]30'), Node('[H]22'), Node('[H]21')], Node('[H]25'): [Node('[H]30'), Node('[H]24'), Node('[H]23')], Node('[H]28'): [Node('[H]29'), Node('[H]18'), Node('[H]17')], Node('[H]27'): [Node('[H]29'), Node('[H]20'), Node('[H]19')], Node('[H]18'): [Node('[H]28'), Node('[H]14'), Node('[H]13')], Node('[H]17'): [Node('[H]28'), Node('[H]16'), Node('[H]15')], Node('[H]20'): [Node('[H]27'), Node('[H]10'), Node('[H]9')], Node('[H]19'): [Node('[H]27'), Node('[H]12'), Node('[H]11')], Node('[H]22'): [Node('[H]26'), Node('[H]6'), Node('[H]5')], Node('[H]21'): [Node('[H]26'), Node('[H]8'), Node('[H]7')], Node('[H]24'): [Node('[H]25'), Node('[H]2'), Node('[H]1')], Node('[H]23'): [Node('[H]25'), Node('[H]4'), Node('[H]3')], Node('[H]2'): [Node('[H]24'), End('[H]0-2'), End('[H]0-3')], Node('[H]1'): [Node('[H]24'), End('[H]0-0'), End('[H]0-1')], Node('[H]4'): [Node('[H]23'), End('[H]1-2'), End('[H]1-3')], Node('[H]3'): [Node('[H]23'), End('[H]1-0'), End('[H]1-1')], Node('[H]6'): [Node('[H]22'), End('[H]2-2'), End('[H]2-3')], Node('[H]5'): [Node('[H]22'), End('[H]2-0'), End('[H]2-1')], Node('[H]8'): [Node('[H]21'), End('[H]3-2'), End('[H]3-3')], Node('[H]7'): [Node('[H]21'), End('[H]3-0'), End('[H]3-1')], Node('[H]10'): [Node('[H]20'), End('[H]4-2'), End('[H]4-3')], Node('[H]9'): [Node('[H]20'), End('[H]4-0'), End('[H]4-1')], Node('[H]12'): [Node('[H]19'), End('[H]5-2'), End('[H]5-3')], Node('[H]11'): [Node('[H]19'), End('[H]5-0'), End('[H]5-1')], Node('[H]14'): [Node('[H]18'), End('[H]6-2'), End('[H]6-3')], Node('[H]13'): [Node('[H]18'), End('[H]6-0'), End('[H]6-1')], Node('[H]16'): [Node('[H]17'), End('[H]7-2'), End('[H]7-3')], Node('[H]15'): [Node('[H]17'), End('[H]7-0'), End('[H]7-1')]}
# time ode_steps max_rank tr norm
# # ([H]0)-([H]31) ([H]31)-([H]29) ([H]29)-([H]27) ([H]27)-([H]19) ([H]19)-([H]11) ([H]19)-([H]12) ([H]27)-([H]20) ([H]20)-([H]9) ([H]20)-([H]10) ([H]29)-([H]28) ([H]28)-([H]17) ([H]17)-([H]15) ([H]17)-([H]16) ([H]28)-([H]18) ([H]18)-([H]13) ([H]18)-([H]14) ([H]31)-([H]30) ([H]30)-([H]25) ([H]25)-([H]23) ([H]23)-([H]3) ([H]23)-([H]4) ([H]25)-([H]24) ([H]24)-([H]1) ([H]24)-([H]2) ([H]30)-([H]26) ([H]26)-([H]21) ([H]21)-([H]7) ([H]21)-([H]8) ([H]26)-([H]22) ([H]22)-([H]5) ([H]22)-([H]6)
0.0 0 8 1.0 0.9964404361501844
# 8 8 8 8 8 8 8 8 8 8 8 8 8 8 8 8 8 8 8 8 8 8 8 8 8 8 8 8 8 8 8
0.05000000000000001 976 122 0.9999984535978748 1.000074942575961
# 49 9 9 9 16 16 9 16 16 9 9 16 16 9 16 16 122 64 30 16 14 32 16 16 60 32 16 16 20 14 14
0.10000000000000002 236 122 0.9999984897732045 1.000233333398594
# 49 9 9 9 16 16 9 16 16 9 9 16 16 9 16 16 122 64 30 16 14 32 16 16 60 32 16 16 20 14 14
0.15000000000000005 152 122 0.999998524621756 1.0003928927459749
# 49 9 9 9 16 16 9 16 16 9 9 16 16 9 16 16 122 64 30 16 14 32 16 16 60 32 16 16 20 14 14
0.20000000000000004 92 122 0.9999985797098627 1.00055169151995
# 49 9 9 9 16 16 9 16 16 9 9 16 16 9 16 16 122 64 30 16 14 32 16 16 60 32 16 16 20 14 14
0.25000000000000006 68 122 0.9999986656211117 1.0007096519423757
# 49 9 9 9 16 16 9 16 16 9 9 16 16 9 16 16 122 64 30 16 14 32 16 16 60 32 16 16 20 14 14
0.3000000000000001 56 122 0.9999987946363472 1.0008666979462655
# 49 9 9 9 16 16 9 16 16 9 9 16 16 9 16 16 122 64 30 16 14 32 16 16 60 32 16 16 20 14 14
0.3500000000000001 50 122 0.9999989814089953 1.0010227547520714
# 49 9 9 9 16 16 9 16 16 9 9 16 16 9 16 16 122 64 30 16 14 32 16 16 60 32 16 16 20 14 14
0.4000000000000001 62 122 0.9999992430934881 1.0011777490552018
# 49 9 9 9 16 16 9 16 16 9 9 16 16 9 16 16 122 64 30 16 14 32 16 16 60 32 16 16 20 14 14
0.45000000000000007 44 122 0.9999995991832471 1.0013316092531317
# 49 9 9 9 16 16 9 16 16 9 9 16 16 9 16 16 122 64 30 16 14 32 16 16 60 32 16 16 20 14 14
0.5000000000000001 38 122 1.000000070923766 1.001484265706119
# 49 9 9 9 16 16 9 16 16 9 9 16 16 9 16 16 122 64 30 16 14 32 16 16 60 32 16 16 20 14 14
0.5500000000000002 38 122 1.0000006800627848 1.0016356510336437
# 49 9 9 9 16 16 9 16 16 9 9 16 16 9 16 16 122 64 30 16 14 32 16 16 60 32 16 16 20 14 14
0.6000000000000002 32 122 1.000001446667417 1.0017857004426873
# 49 9 9 9 16 16 9 16 16 9 9 16 16 9 16 16 122 64 30 16 14 32 16 16 60 32 16 16 20 14 14
0.6500000000000001 32 122 1.0000023858393583 1.001934352064667
# 49 9 9 9 16 16 9 16 16 9 9 16 16 9 16 16 122 64 30 16 14 32 16 16 60 32 16 16 20 14 14
0.7000000000000002 26 122 1.0000035035155006 1.0020815472463875
# 49 9 9 9 16 16 9 16 16 9 9 16 16 9 16 16 122 64 30 16 14 32 16 16 60 32 16 16 20 14 14
0.7500000000000002 26 122 1.0000047921962243 1.002227230704573
# 49 9 9 9 16 16 9 16 16 9 9 16 16 9 16 16 122 64 30 16 14 32 16 16 60 32 16 16 20 14 14
0.8000000000000002 26 122 1.000006228165734 1.0023713504410612
# 49 9 9 9 16 16 9 16 16 9 9 16 16 9 16 16 122 64 30 16 14 32 16 16 60 32 16 16 20 14 14
0.8500000000000002 26 122 1.0000077719464258 1.002513857359927
# 49 9 9 9 16 16 9 16 16 9 9 16 16 9 16 16 122 64 30 16 14 32 16 16 60 32 16 16 20 14 14
0.9000000000000001 20 122 1.000009372761261 1.00265470464245
# 49 9 9 9 16 16 9 16 16 9 9 16 16 9 16 16 122 64 30 16 14 32 16 16 60 32 16 16 20 14 14
0.9500000000000002 20 122 1.0000109759103644 1.0027938470678581
# 49 9 9 9 16 16 9 16 16 9 9 16 16 9 16 16 122 64 30 16 14 32 16 16 60 32 16 16 20 14 14
1.0000000000000002 20 122 1.000012530473389 1.0029312405162794
# 49 9 9 9 16 16 9 16 16 9 9 16 16 9 16 16 122 64 30 16 14 32 16 16 60 32 16 16 20 14 14
1.0500000000000003 20 122 1.0000139948026516 1.0030668418018616
# 49 9 9 9 16 16 9 16 16 9 9 16 16 9 16 16 122 64 30 16 14 32 16 16 60 32 16 16 20 14 14
1.1000000000000003 20 122 1.0000153387184556 1.0032006088220469
# 49 9 9 9 16 16 9 16 16 9 9 16 16 9 16 16 122 64 30 16 14 32 16 16 60 32 16 16 20 14 14
1.1500000000000004 20 122 1.000016542913296 1.0033325008909468
# 49 9 9 9 16 16 9 16 16 9 9 16 16 9 16 16 122 64 30 16 14 32 16 16 60 32 16 16 20 14 14
1.2000000000000004 20 122 1.0000175968311888 1.0034624791079616
# 49 9 9 9 16 16 9 16 16 9 9 16 16 9 16 16 122 64 30 16 14 32 16 16 60 32 16 16 20 14 14
1.2500000000000004 20 122 1.0000184961827012 1.003590506664763
# 49 9 9 9 16 16 9 16 16 9 9 16 16 9 16 16 122 64 30 16 14 32 16 16 60 32 16 16 20 14 14
1.3000000000000003 20 122 1.0000192407779414 1.0037165490569557
# 49 9 9 9 16 16 9 16 16 9 9 16 16 9 16 16 122 64 30 16 14 32 16 16 60 32 16 16 20 14 14
1.3500000000000003 20 122 1.0000198329199452 1.0038405742065748
# 49 9 9 9 16 16 9 16 16 9 9 16 16 9 16 16 122 64 30 16 14 32 16 16 60 32 16 16 20 14 14
1.4000000000000004 20 122 1.0000202763426813 1.003962552517437
# 49 9 9 9 16 16 9 16 16 9 9 16 16 9 16 16 122 64 30 16 14 32 16 16 60 32 16 16 20 14 14
1.4500000000000004 20 122 1.0000205755766154 1.0040824568855482
# 49 9 9 9 16 16 9 16 16 9 9 16 16 9 16 16 122 64 30 16 14 32 16 16 60 32 16 16 20 14 14
1.5000000000000004 20 122 1.0000207356119075 1.0042002626818545
# 49 9 9 9 16 16 9 16 16 9 9 16 16 9 16 16 122 64 30 16 14 32 16 16 60 32 16 16 20 14 14
1.5500000000000005 8 122 1.0000207617521113 1.0043159477188441
# 49 9 9 9 16 16 9 16 16 9 9 16 16 9 16 16 122 64 30 16 14 32 16 16 60 32 16 16 20 14 14
1.6000000000000003 8 122 1.000020659582716 1.004429492206433
# 49 9 9 9 16 16 9 16 16 9 9 16 16 9 16 16 122 64 30 16 14 32 16 16 60 32 16 16 20 14 14
1.6500000000000004 8 122 1.0000204350002078 1.0045408787038181
# 49 9 9 9 16 16 9 16 16 9 9 16 16 9 16 16 122 64 30 16 14 32 16 16 60 32 16 16 20 14 14
1.7000000000000004 8 122 1.0000200942723594 1.004650092065156
# 49 9 9 9 16 16 9 16 16 9 9 16 16 9 16 16 122 64 30 16 14 32 16 16 60 32 16 16 20 14 14
1.7500000000000004 8 122 1.0000196441084137 1.0047571193829867
# 49 9 9 9 16 16 9 16 16 9 9 16 16 9 16 16 122 64 30 16 14 32 16 16 60 32 16 16 20 14 14
1.8000000000000003 8 122 1.0000190917282685 1.0048619499288092
# 49 9 9 9 16 16 9 16 16 9 9 16 16 9 16 16 122 64 30 16 14 32 16 16 60 32 16 16 20 14 14
1.8500000000000005 8 122 1.0000184449240332 1.0049645750912648
# 49 9 9 9 16 16 9 16 16 9 9 16 16 9 16 16 122 64 30 16 14 32 16 16 60 32 16 16 20 14 14
1.9000000000000004 8 122 1.000017712110934 1.0050649883124319
# 49 9 9 9 16 16 9 16 16 9 9 16 16 9 16 16 122 64 30 16 14 32 16 16 60 32 16 16 20 14 14
1.9500000000000006 8 122 1.000016902366298 1.0051631850223046
# 49 9 9 9 16 16 9 16 16 9 9 16 16 9 16 16 122 64 30 16 14 32 16 16 60 32 16 16 20 14 14
2.0000000000000004 8 122 1.000016025455895 1.0052591625717966
# 49 9 9 9 16 16 9 16 16 9 9 16 16 9 16 16 122 64 30 16 14 32 16 16 60 32 16 16 20 14 14
2.0500000000000003 8 122 1.0000150918485542 1.0053529201645208
# 49 9 9 9 16 16 9 16 16 9 9 16 16 9 16 16 122 64 30 16 14 32 16 16 60 32 16 16 20 14 14
2.1000000000000005 8 122 1.0000141127193178 1.005444458787653
# 49 9 9 9 16 16 9 16 16 9 9 16 16 9 16 16 122 64 30 16 14 32 16 16 60 32 16 16 20 14 14
2.1500000000000004 8 122 1.000013099942362 1.0055337811420502
# 49 9 9 9 16 16 9 16 16 9 9 16 16 9 16 16 122 64 30 16 14 32 16 16 60 32 16 16 20 14 14
2.2000000000000006 8 122 1.0000120660747749 1.0056208915719558
# 49 9 9 9 16 16 9 16 16 9 9 16 16 9 16 16 122 64 30 16 14 32 16 16 60 32 16 16 20 14 14
2.2500000000000004 8 122 1.0000110243325058 1.0057057959946252
# 49 9 9 9 16 16 9 16 16 9 9 16 16 9 16 16 122 64 30 16 14 32 16 16 60 32 16 16 20 14 14
2.3000000000000007 8 122 1.0000099885591567 1.0057885018299166
# 49 9 9 9 16 16 9 16 16 9 9 16 16 9 16 16 122 64 30 16 14 32 16 16 60 32 16 16 20 14 14
2.3500000000000005 8 122 1.0000089731889683 1.0058690179302863
# 49 9 9 9 16 16 9 16 16 9 9 16 16 9 16 16 122 64 30 16 14 32 16 16 60 32 16 16 20 14 14
2.400000000000001 8 122 1.0000079932048642 1.0059473545112625
# 49 9 9 9 16 16 9 16 16 9 9 16 16 9 16 16 122 64 30 16 14 32 16 16 60 32 16 16 20 14 14
2.4500000000000006 8 122 1.0000070640925096 1.0060235230826422
# 49 9 9 9 16 16 9 16 16 9 9 16 16 9 16 16 122 64 30 16 14 32 16 16 60 32 16 16 20 14 14
2.500000000000001 8 122 1.0000062017911877 1.0060975363804632
# 49 9 9 9 16 16 9 16 16 9 9 16 16 9 16 16 122 64 30 16 14 32 16 16 60 32 16 16 20 14 14
2.5500000000000007 8 122 1.0000054226424309 1.006169408300023
# 49 9 9 9 16 16 9 16 16 9 9 16 16 9 16 16 122 64 30 16 14 32 16 16 60 32 16 16 20 14 14
2.6000000000000005 8 122 1.000004743336932 1.0062391538298736
# 49 9 9 9 16 16 9 16 16 9 9 16 16 9 16 16 122 64 30 16 14 32 16 16 60 32 16 16 20 14 14
2.650000000000001 8 122 1.0000041808605158 1.0063067889870938
# 49 9 9 9 16 16 9 16 16 9 9 16 16 9 16 16 122 64 30 16 14 32 16 16 60 32 16 16 20 14 14
2.7000000000000006 8 122 1.0000037524394285 1.0063723307537102
# 49 9 9 9 16 16 9 16 16 9 9 16 16 9 16 16 122 64 30 16 14 32 16 16 60 32 16 16 20 14 14
2.750000000000001 8 122 1.000003475485618 1.0064357970145037
# 49 9 9 9 16 16 9 16 16 9 9 16 16 9 16 16 122 64 30 16 14 32 16 16 60 32 16 16 20 14 14
2.8000000000000007 8 122 1.0000033675420978 1.006497206496184
# 49 9 9 9 16 16 9 16 16 9 9 16 16 9 16 16 122 64 30 16 14 32 16 16 60 32 16 16 20 14 14
2.850000000000001 8 122 1.0000034462288439 1.0065565787079787
# 49 9 9 9 16 16 9 16 16 9 9 16 16 9 16 16 122 64 30 16 14 32 16 16 60 32 16 16 20 14 14
2.900000000000001 8 122 1.0000037291892738 1.0066139338836646
# 49 9 9 9 16 16 9 16 16 9 9 16 16 9 16 16 122 64 30 16 14 32 16 16 60 32 16 16 20 14 14
2.950000000000001 8 122 1.0000042340375035 1.0066692929251264
# 49 9 9 9 16 16 9 16 16 9 9 16 16 9 16 16 122 64 30 16 14 32 16 16 60 32 16 16 20 14 14
3.000000000000001 8 122 1.0000049783065779 1.0067226773474947
# 49 9 9 9 16 16 9 16 16 9 9 16 16 9 16 16 122 64 30 16 14 32 16 16 60 32 16 16 20 14 14
3.0500000000000007 8 122 1.0000059793973406 1.0067741092255023
# 49 9 9 9 16 16 9 16 16 9 9 16 16 9 16 16 122 64 30 16 14 32 16 16 60 32 16 16 20 14 14
3.100000000000001 8 122 1.0000072545286804 1.0068236111418418
# 49 9 9 9 16 16 9 16 16 9 9 16 16 9 16 16 122 64 30 16 14 32 16 16 60 32 16 16 20 14 14
3.150000000000001 8 122 1.0000088206886275 1.0068712061367326
# 49 9 9 9 16 16 9 16 16 9 9 16 16 9 16 16 122 64 30 16 14 32 16 16 60 32 16 16 20 14 14
3.2000000000000006 8 122 1.000010694586647 1.0069169176591748
# 49 9 9 9 16 16 9 16 16 9 9 16 16 9 16 16 122 64 30 16 14 32 16 16 60 32 16 16 20 14 14
3.250000000000001 8 122 1.0000128926069953 1.0069607695197549
# 49 9 9 9 16 16 9 16 16 9 9 16 16 9 16 16 122 64 30 16 14 32 16 16 60 32 16 16 20 14 14
3.3000000000000007 8 122 1.0000154307633542 1.0070027858449786
# 49 9 9 9 16 16 9 16 16 9 9 16 16 9 16 16 122 64 30 16 14 32 16 16 60 32 16 16 20 14 14
3.3500000000000005 8 122 1.0000183246546108 1.0070429910331788
# 49 9 9 9 16 16 9 16 16 9 9 16 16 9 16 16 122 64 30 16 14 32 16 16 60 32 16 16 20 14 14
3.400000000000001 8 122 1.000021589422032 1.0070814097119958
# 49 9 9 9 16 16 9 16 16 9 9 16 16 9 16 16 122 64 30 16 14 32 16 16 60 32 16 16 20 14 14
3.450000000000001 8 122 1.0000252397077312 1.0071180666973643
# 49 9 9 9 16 16 9 16 16 9 9 16 16 9 16 16 122 64 30 16 14 32 16 16 60 32 16 16 20 14 14
3.500000000000001 8 122 1.0000292896146104 1.0071529869540583
# 49 9 9 9 16 16 9 16 16 9 9 16 16 9 16 16 122 64 30 16 14 32 16 16 60 32 16 16 20 14 14
3.5500000000000007 8 122 1.0000337526678178 1.0071861955577674
# 49 9 9 9 16 16 9 16 16 9 9 16 16 9 16 16 122 64 30 16 14 32 16 16 60 32 16 16 20 14 14
3.6000000000000005 8 122 1.0000386417777614 1.007217717658628
# 49 9 9 9 16 16 9 16 16 9 9 16 16 9 16 16 122 64 30 16 14 32 16 16 60 32 16 16 20 14 14
3.650000000000001 8 122 1.0000439692048118 1.0072475784463548
# 49 9 9 9 16 16 9 16 16 9 9 16 16 9 16 16 122 64 30 16 14 32 16 16 60 32 16 16 20 14 14
3.700000000000001 8 122 1.0000497465257754 1.0072758031167166
# 49 9 9 9 16 16 9 16 16 9 9 16 16 9 16 16 122 64 30 16 14 32 16 16 60 32 16 16 20 14 14
3.750000000000001 8 122 1.0000559846021984 1.007302416839589
# 49 9 9 9 16 16 9 16 16 9 9 16 16 9 16 16 122 64 30 16 14 32 16 16 60 32 16 16 20 14 14
3.8000000000000007 8 122 1.0000626935505945 1.0073274447283427
# 49 9 9 9 16 16 9 16 16 9 9 16 16 9 16 16 122 64 30 16 14 32 16 16 60 32 16 16 20 14 14
3.8500000000000005 8 122 1.000069882714664 1.00735091181075
# 49 9 9 9 16 16 9 16 16 9 9 16 16 9 16 16 122 64 30 16 14 32 16 16 60 32 16 16 20 14 14
3.9000000000000012 8 122 1.0000775606396375 1.0073728430011912
# 49 9 9 9 16 16 9 16 16 9 9 16 16 9 16 16 122 64 30 16 14 32 16 16 60 32 16 16 20 14 14
3.950000000000001 8 122 1.000085735048783 1.0073932630742737
# 49 9 9 9 16 16 9 16 16 9 9 16 16 9 16 16 122 64 30 16 14 32 16 16 60 32 16 16 20 14 14
4.000000000000001 8 122 1.0000944128220908 1.0074121966398022
# 49 9 9 9 16 16 9 16 16 9 9 16 16 9 16 16 122 64 30 16 14 32 16 16 60 32 16 16 20 14 14
4.050000000000001 8 122 1.0001035999773533 1.0074296681190078
# 49 9 9 9 16 16 9 16 16 9 9 16 16 9 16 16 122 64 30 16 14 32 16 16 60 32 16 16 20 14 14
4.1000000000000005 8 122 1.0001133016535628 1.0074457017221703
# 49 9 9 9 16 16 9 16 16 9 9 16 16 9 16 16 122 64 30 16 14 32 16 16 60 32 16 16 20 14 14
4.150000000000001 8 122 1.0001235220967328 1.0074603214273636
# 49 9 9 9 16 16 9 16 16 9 9 16 16 9 16 16 122 64 30 16 14 32 16 16 60 32 16 16 20 14 14
4.200000000000001 8 122 1.0001342646481823 1.007473550960571
# 49 9 9 9 16 16 9 16 16 9 9 16 16 9 16 16 122 64 30 16 14 32 16 16 60 32 16 16 20 14 14
4.250000000000001 8 122 1.0001455317353873 1.0074854137769054
# 49 9 9 9 16 16 9 16 16 9 9 16 16 9 16 16 122 64 30 16 14 32 16 16 60 32 16 16 20 14 14
4.300000000000001 8 122 1.0001573248652647 1.0074959330430397
# 49 9 9 9 16 16 9 16 16 9 9 16 16 9 16 16 122 64 30 16 14 32 16 16 60 32 16 16 20 14 14
4.350000000000001 8 122 1.0001696446200943 1.007505131620839
# 49 9 9 9 16 16 9 16 16 9 9 16 16 9 16 16 122 64 30 16 14 32 16 16 60 32 16 16 20 14 14
4.400000000000001 8 122 1.0001824906559331 1.0075130320520038
# 49 9 9 9 16 16 9 16 16 9 9 16 16 9 16 16 122 64 30 16 14 32 16 16 60 32 16 16 20 14 14
4.450000000000001 8 122 1.0001958617036382 1.007519656543909
# 49 9 9 9 16 16 9 16 16 9 9 16 16 9 16 16 122 64 30 16 14 32 16 16 60 32 16 16 20 14 14
4.500000000000001 8 122 1.0002097555723473 1.0075250269564322
# 49 9 9 9 16 16 9 16 16 9 9 16 16 9 16 16 122 64 30 16 14 32 16 16 60 32 16 16 20 14 14
4.550000000000001 8 122 1.0002241691555132 1.0075291647898992
# 49 9 9 9 16 16 9 16 16 9 9 16 16 9 16 16 122 64 30 16 14 32 16 16 60 32 16 16 20 14 14
4.600000000000001 8 122 1.0002390984393663 1.007532091173929
# 49 9 9 9 16 16 9 16 16 9 9 16 16 9 16 16 122 64 30 16 14 32 16 16 60 32 16 16 20 14 14
4.650000000000001 8 122 1.0002545385137969 1.0075338268573866
# 49 9 9 9 16 16 9 16 16 9 9 16 16 9 16 16 122 64 30 16 14 32 16 16 60 32 16 16 20 14 14
4.700000000000001 8 122 1.0002704835855774 1.0075343921991902
# 49 9 9 9 16 16 9 16 16 9 9 16 16 9 16 16 122 64 30 16 14 32 16 16 60 32 16 16 20 14 14
4.750000000000001 8 122 1.0002869269938162 1.0075338071600994
# 49 9 9 9 16 16 9 16 16 9 9 16 16 9 16 16 122 64 30 16 14 32 16 16 60 32 16 16 20 14 14
4.800000000000002 8 122 1.000303861227573 1.0075320912954122
# 49 9 9 9 16 16 9 16 16 9 9 16 16 9 16 16 122 64 30 16 14 32 16 16 60 32 16 16 20 14 14
4.850000000000001 8 122 1.0003212779455721 1.0075292637485105
# 49 9 9 9 16 16 9 16 16 9 9 16 16 9 16 16 122 64 30 16 14 32 16 16 60 32 16 16 20 14 14
4.900000000000001 8 122 1.0003391679977607 1.0075253432453055
# 49 9 9 9 16 16 9 16 16 9 9 16 16 9 16 16 122 64 30 16 14 32 16 16 60 32 16 16 20 14 14
4.950000000000001 8 122 1.0003575214486877 1.0075203480894663
# 49 9 9 9 16 16 9 16 16 9 9 16 16 9 16 16 122 64 30 16 14 32 16 16 60 32 16 16 20 14 14
